\BOOKMARK [1][-]{section.1}{\376\377\137\025\212\000}{}% 1
\BOOKMARK [1][-]{section.2}{\376\377\116\000\202\054\226\066\000\040\000T\000a\000y\000l\000o\000r\000\040\147\011\226\120\220\350\122\006\173\227\133\120}{}% 2
\BOOKMARK [2][-]{subsection.2.1}{\376\377\176\317\121\170\147\011\226\120\220\350\122\006\210\150\171\072}{section.2}% 3
\BOOKMARK [2][-]{subsection.2.2}{\376\377\134\100\220\350\136\366\142\323\116\016\213\357\135\356\136\163\210\141\134\072\136\246}{section.2}% 4
\BOOKMARK [2][-]{subsection.2.3}{\376\377\134\100\220\350\213\357\135\356\143\007\150\007\116\016\136\366\142\323\226\066\145\160\220\011\142\351}{section.2}% 5
\BOOKMARK [1][-]{section.3}{\376\377\171\136\176\317\221\115\177\156\116\016\123\071\221\115\127\372\176\277}{}% 6
\BOOKMARK [2][-]{subsection.3.1}{\376\377\122\066\220\040\145\271\172\013}{section.3}% 7
\BOOKMARK [2][-]{subsection.3.2}{\376\377\177\121\176\334\116\016\143\137\131\061}{section.3}% 8
\BOOKMARK [2][-]{subsection.3.3}{\376\377\000C\000h\000e\000b\000y\000s\000h\000e\000v\000\040\221\115\177\156\127\372\176\277}{section.3}% 9
\BOOKMARK [1][-]{section.4}{\376\377\145\160\120\074\133\236\232\214}{}% 10
\BOOKMARK [2][-]{subsection.4.1}{\376\377\133\236\232\214\213\276\177\156\116\016\213\304\116\367\143\007\150\007}{section.4}% 11
\BOOKMARK [2][-]{subsection.4.2}{\376\377\217\321\133\371\211\322\166\370\155\210\116\016\173\227\133\120\213\357\135\356}{section.4}% 12
\BOOKMARK [2][-]{subsection.4.3}{\376\377\166\364\143\245\122\006\145\057\060\001\134\100\220\350\136\366\142\323\122\006\145\057\116\016\155\367\124\010\121\154\137\017\166\204\155\210\207\215}{section.4}% 13
\BOOKMARK [2][-]{subsection.4.4}{\376\377\136\366\142\323\226\066\145\160\116\016\226\010\120\074\174\373\145\160}{section.4}% 14
\BOOKMARK [2][-]{subsection.4.5}{\376\377\232\330\226\066\201\352\122\250\137\256\122\006\213\357\135\356\116\016\220\020\226\066\143\320\122\115\120\134\153\142}{section.4}% 15
\BOOKMARK [2][-]{subsection.4.6}{\376\377\172\357\122\060\172\357\220\020\226\066\213\255\176\303\133\371\161\147}{section.4}% 16
\BOOKMARK [2][-]{subsection.4.7}{\376\377\171\136\176\317\221\115\177\156\176\323\147\234\116\016\214\061\127\372\176\277}{section.4}% 17
\BOOKMARK [2][-]{subsection.4.8}{\376\377\121\375\145\160\145\317\116\016\227\136\176\277\140\047\210\145\121\105\213\325\232\214}{section.4}% 18
\BOOKMARK [1][-]{section.5}{\376\377\213\250\213\272}{}% 19
\BOOKMARK [1][-]{section.6}{\376\377\176\323\213\272}{}% 20
